vlib/v/checker/tests/prefix_expr_decl_assign_err.vv:2:5: error: cannot use a reference on the left side of `:=`
    1 | fn main() {
    2 |     &a := 12
      |     ^
    3 |     (*d) := 14
    4 | }
vlib/v/checker/tests/prefix_expr_decl_assign_err.vv:2:5: error: non-name on the left side of `:=`
    1 | fn main() {
    2 |     &a := 12
      |     ^
    3 |     (*d) := 14
    4 | }
vlib/v/checker/tests/prefix_expr_decl_assign_err.vv:3:5: error: parentheses are not supported on the left side of `:=`
    1 | fn main() {
    2 |     &a := 12
    3 |     (*d) := 14
      |     ~~~~
    4 | }
vlib/v/checker/tests/prefix_expr_decl_assign_err.vv:3:10: error: modifying variables via dereferencing can only be done in `unsafe` blocks
    1 | fn main() {
    2 |     &a := 12
    3 |     (*d) := 14
      |          ~~
    4 | }
vlib/v/checker/tests/prefix_expr_decl_assign_err.vv:3:6: error: non-name on the left side of `:=`
    1 | fn main() {
    2 |     &a := 12
    3 |     (*d) := 14
      |      ^
    4 | }
