[vlib/v/tests/inout/dump_generic_fn_mut_arg.vv:11] t: &Reptile{}
