cmd/tools/vvet/tests/prog_without_main_fn.vv:1: notice: use a fixed array, instead of a dynamic one
